2026-06-26 20:04:34,340 - INFO - Login process started
2026-06-26 20:05:38,373 - INFO - Login process started
2026-06-26 20:06:33,045 - INFO - user landed on pim page successfully
2026-06-26 20:08:03,401 - INFO - successful log in dashboard 
